// Jest Snapshot v1, https://goo.gl/fbAQLP

exports[`<HomePage /> should render and match the snapshot 1`] = `
<article>
  <div>
    <section
      class="Section-sc-159av7w-0 CenteredSection-sc-199e044-0 dYLDpP"
    >
      <h2
        class="H2-sc-1ozn5yw-0 iltVui"
      >
        <span>
          Start your next react project in seconds
        </span>
      </h2>
      <p>
        <span>
          A highly scalable, offline-first foundation with the best DX and a focus on performance and best practices
        </span>
      </p>
    </section>
    <section
      class="Section-sc-159av7w-0 gJRjGe"
    >
      <h2
        class="H2-sc-1ozn5yw-0 iltVui"
      >
        <span>
          Try me!
        </span>
      </h2>
      <form
        class="Form-sc-1cc5pkr-0 kjysVU"
      >
        <label
          for="username"
        >
          <span>
            Show Github repositories by
          </span>
          <span
            class="AtPrefix-sc-1vy4zm9-0 iCjUik"
          >
            <span>
              @
            </span>
          </span>
          <input
            class="Input-supr43-0 hEcuJX"
            id="username"
            placeholder="mxstbr"
            type="text"
            value=""
          />
        </label>
      </form>
      <div
        class="Wrapper-viya9-0 eghqww"
      >
        <ul
          class="Ul-sc-18rjuhj-0 yUZxx"
        />
      </div>
    </section>
  </div>
</article>
`;
