// Jest Snapshot v1, https://goo.gl/fbAQLP

exports[`<Footer /> should render and match the snapshot 1`] = `
<footer
  className="Wrapper-sc-4cerb-0 fdBSIy"
>
  <section>
    <span>
      This project is licensed under the MIT license.
    </span>
  </section>
  <section>
    <div
      className="Wrapper-sc-13vm6x-0 ckLBTi"
    >
      <select
        className="Select-tvx6ny-0 jrKVxl"
        onChange={[Function]}
        value="en"
      >
        <option
          value="en"
        >
          en
        </option>
        <option
          value="de"
        >
          de
        </option>
      </select>
    </div>
  </section>
  <section>
    <span>
      
      Made with love by 
      <a
        className="A-sc-1kd2xbe-0 fWIwgu"
        href="https://twitter.com/mxstbr"
      >
        Max Stoiber
      </a>
      .
    
    </span>
  </section>
</footer>
`;
