// Jest Snapshot v1, https://goo.gl/fbAQLP

exports[`<Header /> should render a div 1`] = `
<div>
  <a
    class="A-sc-1kd2xbe-0 A-sc-1xfcz2l-0 iSvZkN"
    href="https://www.reactboilerplate.com/"
  >
    <img
      alt="react-boilerplate - Logo"
      class="Img-y1ynze-0 beaQZD"
      src="IMAGE_MOCK"
    />
  </a>
  <div
    class="NavBar-sc-1lofpsm-0 iLLmBO"
  >
    <a
      class="HeaderLink-hjbsvi-0 kznUhH"
      href="/"
    >
      <span>
        Home
      </span>
    </a>
    <a
      class="HeaderLink-hjbsvi-0 kznUhH"
      href="/features"
    >
      <span>
        Features
      </span>
    </a>
  </div>
</div>
`;
