// Jest Snapshot v1, https://goo.gl/fbAQLP

exports[`<ReposList /> should render the loading indicator when its loading 1`] = `
<div
  class="Wrapper-viya9-0 eghqww"
>
  <ul
    class="Ul-sc-18rjuhj-0 yUZxx"
  >
    <div
      class="Wrapper-ke0o6n-0 kKSZwO"
    >
      <div
        class="Circle__CirclePrimitive-v2gwq-0 euLnsl"
      />
      <div
        class="Circle__CirclePrimitive-v2gwq-0 cdLuzR"
      />
      <div
        class="Circle__CirclePrimitive-v2gwq-0 fJUjJF"
      />
      <div
        class="Circle__CirclePrimitive-v2gwq-0 fsGvnZ"
      />
      <div
        class="Circle__CirclePrimitive-v2gwq-0 iNgbez"
      />
      <div
        class="Circle__CirclePrimitive-v2gwq-0 krXDbs"
      />
      <div
        class="Circle__CirclePrimitive-v2gwq-0 VyEFA"
      />
      <div
        class="Circle__CirclePrimitive-v2gwq-0 dHTybw"
      />
      <div
        class="Circle__CirclePrimitive-v2gwq-0 gCmsxW"
      />
      <div
        class="Circle__CirclePrimitive-v2gwq-0 eFdGmL"
      />
      <div
        class="Circle__CirclePrimitive-v2gwq-0 gpfeLH"
      />
      <div
        class="Circle__CirclePrimitive-v2gwq-0 gRyqmw"
      />
    </div>
  </ul>
</div>
`;

exports[`<ReposList /> should render the repositories if loading was successful 1`] = `
<div
  class="Wrapper-viya9-0 eghqww"
>
  <ul
    class="Ul-sc-18rjuhj-0 yUZxx"
  >
    <li
      class="Wrapper-sc-8bqjmi-0 iSmNfj"
    >
      <div
        class="Item-sc-1utwg7c-0 jrzSAw"
      >
        <div
          class="Wrapper-sc-1awswkz-0 kCaHSr"
        >
          <a
            class="A-sc-1kd2xbe-0 RepoLink-zyermy-0 cXQgjF"
            href="https://github.com/react-boilerplate/react-boilerplate"
            target="_blank"
          >
            react-boilerplate
          </a>
          <a
            class="A-sc-1kd2xbe-0 IssueLink-sc-16yhbes-0 csvYdR"
            href="https://github.com/react-boilerplate/react-boilerplate/issues"
            target="_blank"
          >
            <svg
              class="IssueIcon-kkzesf-0 jGagRv"
              height="1em"
              width="0.875em"
            >
              <path
                d="M7 2.3c3.14 0 5.7 2.56 5.7 5.7S10.14 13.7 7 13.7 1.3 11.14 1.3 8s2.56-5.7 5.7-5.7m0-1.3C3.14 1 0 4.14 0 8s3.14 7 7 7 7-3.14 7-7S10.86 1 7 1z m1 3H6v5h2V4z m0 6H6v2h2V10z"
              />
            </svg>
            <span>
              20
            </span>
          </a>
        </div>
      </div>
    </li>
  </ul>
</div>
`;
